Inside test.sh
